node.exe : FAIL 
__tests__/Colors.test.ts
At C:\Program Files\nodejs\npx.ps1:29 
char:3
+   & $NODE_EXE $NPX_CLI_JS $args
+   ~~~~~~~~~~~~~~~~~~~~~~~~~~~~~
    + CategoryInfo          : NotSpec 
   ified: (FAIL __tests__/Colors.tes  
  t.ts:String) [], RemoteException
    + FullyQualifiedErrorId : NativeC 
   ommandError
 
  ΓùÅ Test suite failed to run

    Cannot find module 'react-native/L
ibraries/Animated/NativeAnimatedHelper
' from 'jest.setup.js'

    [0m [90m 3 |[39m
     [90m 4 |[39m [90m// Mock 
React Native Animated[39m
    [31m[1m>[22m[39m[90m 5 
|[39m jest[33m.[39mmock([32m'react
-native/Libraries/Animated/NativeAnima
tedHelper'[39m)[33m;[39m
     [90m   |[39m      
[31m[1m^[22m[39m
     [90m 6 |[39m
     [90m 7 |[39m [90m// Mock 
expo-router[39m
     [90m 8 |[39m jest[33m.[39mmoc
k([32m'expo-router'[39m[33m,[39m 
() [33m=>[39m ({[0m

      at 
Resolver._throwModNotFoundError (node_
modules/jest-resolve/build/index.js:86
3:11)
      at Object.mock 
(jest.setup.js:5:6)

Test Suites: 1 failed, 1 total
Tests:       0 total
Snapshots:   0 total
Time:        1.154 s
Ran all test suites matching 
__tests__/Colors.test.ts.
